> Task :app:preBuild UP-TO-DATE
> Task :app:preDebugBuild UP-TO-DATE
> Task :app:mergeDebugNativeDebugMetadata NO-SOURCE
> Task :app:checkKotlinGradlePluginConfigurationErrors SKIPPED
> Task :app:checkDebugAarMetadata UP-TO-DATE
> Task :app:generateDebugResValues UP-TO-DATE
> Task :app:processDebugGoogleServices UP-TO-DATE
> Task :app:mapDebugSourceSetPaths UP-TO-DATE
> Task :app:generateDebugResources UP-TO-DATE
> Task :app:mergeDebugResources UP-TO-DATE
> Task :app:packageDebugResources UP-TO-DATE
> Task :app:parseDebugLocalResources UP-TO-DATE
> Task :app:createDebugCompatibleScreenManifests UP-TO-DATE
> Task :app:extractDeepLinksDebug UP-TO-DATE
> Task :app:processDebugMainManifest UP-TO-DATE
> Task :app:processDebugManifest UP-TO-DATE
> Task :app:processDebugManifestForPackage UP-TO-DATE
> Task :app:processDebugResources UP-TO-DATE
> Task :app:javaPreCompileDebug UP-TO-DATE
> Task :app:mergeDebugShaders UP-TO-DATE
> Task :app:compileDebugShaders NO-SOURCE
> Task :app:generateDebugAssets UP-TO-DATE
> Task :app:mergeDebugAssets UP-TO-DATE
> Task :app:compressDebugAssets UP-TO-DATE
> Task :app:desugarDebugFileDependencies UP-TO-DATE
> Task :app:checkDebugDuplicateClasses UP-TO-DATE
> Task :app:mergeExtDexDebug UP-TO-DATE
> Task :app:mergeLibDexDebug UP-TO-DATE
> Task :app:mergeDebugJniLibFolders UP-TO-DATE
> Task :app:mergeDebugNativeLibs UP-TO-DATE
> Task :app:stripDebugDebugSymbols UP-TO-DATE
> Task :app:validateSigningDebug UP-TO-DATE
> Task :app:writeDebugAppMetadata UP-TO-DATE
> Task :app:writeDebugSigningConfigVersions UP-TO-DATE

> Task :app:compileDebugKotlin FAILED
./gradlew : e: file:///C:
/full%20stack/BusAlertSys
tem/app/src/main/java/com
/campusbussbuddy/firebase
/FirebaseManager.kt:112:1
3 Conflicting overloads:
At line:1 char:1
+ ./gradlew 
assembleDebug 
--console=plain > 
build_errors.txt 2>&1; 
Sele ...
+ ~~~~~~~~~~~~~~~~~~~~~~~
~~~~~~~~~~~~~~~~~~~~~~~~~
~~~~~~~~~~~~~~~
    + CategoryInfo       
       : NotSpecified:   
  (e: file:///C:/f...t   
 ing overloads::Strin    
g) [], RemoteExcepti    
on
    + FullyQualifiedErro 
   rId : NativeCommandE  
  rror
 
suspend fun 
getAdminInfo(): 
AdminInfo?
e: file:///C:/full%20stac
k/BusAlertSystem/app/src/
main/java/com/campusbussb
uddy/firebase/FirebaseMan
ager.kt:1159:13 
Conflicting overloads:
suspend fun 
getAdminInfo(): 
AdminInfo?
e: file:///C:/full%20stac
k/BusAlertSystem/app/src/
main/java/com/campusbussb
uddy/ui/viewmodel/AdminVi
ewModel.kt:37:41 Cannot 
infer type for this 
parameter. Please 
specify it explicitly.
e: file:///C:/full%20stac
k/BusAlertSystem/app/src/
main/java/com/campusbussb
uddy/ui/viewmodel/AdminVi
ewModel.kt:37:65 
Overload resolution 
ambiguity between 
candidates:
suspend fun 
getAdminInfo(): 
AdminInfo?
suspend fun 
getAdminInfo(): 
AdminInfo?
e: file:///C:/full%20stac
k/BusAlertSystem/app/src/
main/java/com/campusbussb
uddy/ui/viewmodel/AdminVi
ewModel.kt:48:44 
Unresolved reference 
'name'.

FAILURE: Build failed 
with an exception.

* What went wrong:
Execution failed for 
task ':app:compileDebugKo
tlin'.
> A failure occurred 
while executing org.jetbr
ains.kotlin.compilerRunne
r.GradleCompilerRunnerWit
hWorkers$GradleKotlinComp
ilerWorkAction
   > Compilation error. 
See log for more details

* Try:
> Run with --stacktrace 
option to get the stack 
trace.
> Run with --info or 
--debug option to get 
more log output.
> Run with --scan to get 
full insights.
> Get more help at 
https://help.gradle.org.

BUILD FAILED in 9s
29 actionable tasks: 1 executed, 28 up-to-date
